src/components/profile/CVList.tsx(3,1): error TS6192: All imports in import declaration are unused.
src/components/profile/CVUploader.tsx(2,18): error TS6133: 'FileText' is declared but its value is never read.
src/components/profile/CVUploader.tsx(2,28): error TS6133: 'X' is declared but its value is never read.
src/pages/CVUpload.tsx(37,9): error TS6133: 'formatRecency' is declared but its value is never read.
src/pages/CVUpload.tsx(44,9): error TS6133: 'cvFileInputRef' is declared but its value is never read.
src/pages/MatchedJobs.tsx(2,30): error TS6133: 'ExternalLink' is declared but its value is never read.
src/pages/MatchedJobs.tsx(4,1): error TS6133: 'Badge' is declared but its value is never read.
src/pages/MatchedJobs.tsx(24,8): error TS2307: Cannot find module '@/components/ui/select' or its corresponding type declarations.
src/pages/MatchedJobs.tsx(46,9): error TS6133: 'profile' is declared but its value is never read.
src/pages/MatchedJobs.tsx(52,20): error TS6133: 'setLocation' is declared but its value is never read.
src/pages/MatchedJobs.tsx(53,23): error TS6133: 'setUseDemoJobs' is declared but its value is never read.
src/pages/MatchedJobs.tsx(338,15): error TS2322: Type '{ matches: MatchedJob[]; onApply: (job: Job) => void; }' is not assignable to type 'IntrinsicAttributes & { filteredMatchedJobs: MatchedJob[]; minMatchScore: number; setMinMatchScore: (v: number) => void; useDemoJobs: boolean; setUseDemoJobs: (v: boolean) => void; ... 7 more ...; handleApply: (job: Job) => void; }'.
  Property 'matches' does not exist on type 'IntrinsicAttributes & { filteredMatchedJobs: MatchedJob[]; minMatchScore: number; setMinMatchScore: (v: number) => void; useDemoJobs: boolean; setUseDemoJobs: (v: boolean) => void; ... 7 more ...; handleApply: (job: Job) => void; }'.
